Possible file format: MS-DOS executable (EXE) (E:\Program Files\ida_pro\loaders\dos64.dll)
Possible file format: Portable executable for 80386 (PE) (E:\Program Files\ida_pro\loaders\pe64.dll)

  bytes   pages size description
--------- ----- ---- --------------------------------------------
   786432    96 8192 allocating memory for b-tree...
   786432    96 8192 allocating memory for virtual array...
   262144    32 8192 allocating memory for name pointers...
-----------------------------------------------------------------
  1835008            total memory allocated

Loading file 'E:\reverse\逆向课程2023春01\CPP1.exe' into database...
Detected file format: Portable executable for 80386 (PE)
Loading processor module E:\Program Files\ida_pro\procs\pc64.dll for metapc...Initializing processor module metapc...OK
Autoanalysis subsystem has been initialized.
Assuming __cdecl calling convention by default
  0. Creating a new segment  (00401000-00427000) ... ... OK
  1. Creating a new segment  (00427000-00429000) ... ... OK
  2. Creating a new segment  (00429000-0042F000) ... ... OK
  3. Creating a new segment  (0042F000-00430000) ... ... OK
Reading imports directory...
Applying fixups...
  4. Creating a new segment  (0042F2B0-00430000) ... ... OK
  5. Creating a new segment  (0042F16C-0042F2B0) ... ... OK
[autohidden] The input file was linked with debug information
 and the symbol filename is:
"C:\Documents and Settings\Administrator\桌面\2023春考题\CPP1\Debug\CPP1.pdb"
Do you want to look for this file at the specified path
and the Microsoft Symbol Server?
 -> Yes
PDB: using PDBIDA provider
PDB: downloading http://msdl.microsoft.com/download/symbols/CPP1.pdb/648eaa261/CPP1.pdb => C:\Users\wjc27\AppData\Local\Temp\ida\CPP1.pdb\648eaa261\CPP1.pdb
Could not find PDB file 'CPP1.pdb'.
Please check _NT_SYMBOL_PATH
[autohidden] E:\reverse\逆向课程2023春01\CPP1.exe: failed to load pdb info.

Do you want to browse for the pdb file on disk? -> Yes
Plan  FLIRT signature: Microsoft VisualC 2-14/net runtime
autoload.cfg: vc32rtf.sig autoloads mssdk_win7.til
Type library 'mssdk_win7' loaded. Applying types...
Types applied to 59 names.
main() function at 40100A, named "_main"
Plan  FLIRT signature: SEH for vc7-14
Marking typical code sequences...
Flushing buffers, please wait...ok
File 'E:\reverse\逆向课程2023春01\CPP1.exe' has been successfully loaded into the database.
Hex-Rays Decompiler plugin has been loaded (v8.3.0.230608)
  License: 57-0000-0000-00 Hex-Rays SA (32767 users)
  The hotkeys are F5: decompile, Ctrl-F5: decompile all.

  Please check the Edit/Plugins menu for more information.
================================================================================
Findcrypt v0.2 by David BERARD, 2017
Findcrypt search shortcut key is Ctrl-Alt-F
Global rules in E:\Program Files\ida_pro\plugins\findcrypt3.rules
User-defined rules in C:\Users\wjc27\AppData\Roaming\Hex-Rays\IDA Pro\plugins\findcrypt-yara/*.rules
================================================================================
Hex-rays version 8.3.0.230608 has been detected, gooMBA plugin ready to use

 IDA Strong Charset Code View 0.3 
 Show Strong Charset View Use 'shift' 
 Auto Set Default 8bit Decode to CP-ACP True.
 IDA Strong Charset Code View Plugin By 微笑一刀 

IDA is analysing the input file...
You may start to explore the input file right now.
Using FLIRT signature: Microsoft VisualC 2-14/net runtime
Using FLIRT signature: SEH for vc7-14
Propagating type information...
Function argument information has been propagated
The initial autoanalysis has been finished.
[Patching] Loaded v0.1.2 - (c) Markus Gaasedelen - 2022
The decompiler assumes that the segment '.idata' is read-only because of its NAME.
All data references to the segment will be replaced by constant values.
This may lead to drastic changes in the decompiler output.
If the segment is not read-only, please change the segment NAME.

In general, the decompiler checks the segment permissions, class, and name
to determine if it is read-only.
 -> OK
The decompiler assumes that the segment '.rdata' is read-only because of its NAME.
All data references to the segment will be replaced by constant values.
This may lead to drastic changes in the decompiler output.
If the segment is not read-only, please change the segment NAME.

In general, the decompiler checks the segment permissions, class, and name
to determine if it is read-only.
 -> OK
Flushing buffers, please wait...ok
[Patching] Unloading v0.1.2...
Unloading IDP module E:\Program Files\ida_pro\procs\pc64.dll...Possible file format: MS-DOS executable (EXE) (E:\Program Files\ida_pro\loaders\dos64.dll)
Possible file format: Portable executable for 80386 (PE) (E:\Program Files\ida_pro\loaders\pe64.dll)

  bytes   pages size description
--------- ----- ---- --------------------------------------------
   786432    96 8192 allocating memory for b-tree...
   786432    96 8192 allocating memory for virtual array...
   262144    32 8192 allocating memory for name pointers...
-----------------------------------------------------------------
  1835008            total memory allocated

Loading file 'E:\reverse\逆向课程2023春01\CPP1.exe' into database...
Detected file format: Portable executable for 80386 (PE)
Loading processor module E:\Program Files\ida_pro\procs\pc64.dll for metapc...Initializing processor module metapc...OK
Autoanalysis subsystem has been initialized.
Assuming __cdecl calling convention by default
  0. Creating a new segment  (00401000-00427000) ... ... OK
  1. Creating a new segment  (00427000-00429000) ... ... OK
  2. Creating a new segment  (00429000-0042F000) ... ... OK
  3. Creating a new segment  (0042F000-00430000) ... ... OK
Reading imports directory...
Applying fixups...
  4. Creating a new segment  (0042F2B0-00430000) ... ... OK
  5. Creating a new segment  (0042F16C-0042F2B0) ... ... OK
[autohidden] The input file was linked with debug information
 and the symbol filename is:
"C:\Documents and Settings\Administrator\桌面\2023春考题\CPP1\Debug\CPP1.pdb"
Do you want to look for this file at the specified path
and the Microsoft Symbol Server?
 -> Yes
PDB: using PDBIDA provider
PDB: downloading http://msdl.microsoft.com/download/symbols/CPP1.pdb/648eaa261/CPP1.pdb => C:\Users\wjc27\AppData\Local\Temp\ida\CPP1.pdb\648eaa261\CPP1.pdb
Could not find PDB file 'CPP1.pdb'.
Please check _NT_SYMBOL_PATH
[autohidden] E:\reverse\逆向课程2023春01\CPP1.exe: failed to load pdb info.

Do you want to browse for the pdb file on disk? -> Yes
Plan  FLIRT signature: Microsoft VisualC 2-14/net runtime
autoload.cfg: vc32rtf.sig autoloads mssdk_win7.til
Type library 'mssdk_win7' loaded. Applying types...
Types applied to 59 names.
main() function at 40100A, named "_main"
Plan  FLIRT signature: SEH for vc7-14
Marking typical code sequences...
Flushing buffers, please wait...ok
File 'E:\reverse\逆向课程2023春01\CPP1.exe' has been successfully loaded into the database.
Hex-Rays Decompiler plugin has been loaded (v8.3.0.230608)
  License: 57-0000-0000-00 Hex-Rays SA (32767 users)
  The hotkeys are F5: decompile, Ctrl-F5: decompile all.

  Please check the Edit/Plugins menu for more information.
================================================================================
Findcrypt v0.2 by David BERARD, 2017
Findcrypt search shortcut key is Ctrl-Alt-F
Global rules in E:\Program Files\ida_pro\plugins\findcrypt3.rules
User-defined rules in C:\Users\wjc27\AppData\Roaming\Hex-Rays\IDA Pro\plugins\findcrypt-yara/*.rules
================================================================================
Hex-rays version 8.3.0.230608 has been detected, gooMBA plugin ready to use

 IDA Strong Charset Code View 0.3 
 Show Strong Charset View Use 'shift' 
 Auto Set Default 8bit Decode to CP-ACP True.
 IDA Strong Charset Code View Plugin By 微笑一刀 

IDA is analysing the input file...
You may start to explore the input file right now.
Using FLIRT signature: Microsoft VisualC 2-14/net runtime
Using FLIRT signature: SEH for vc7-14
Propagating type information...
Function argument information has been propagated
The initial autoanalysis has been finished.
[Patching] Loaded v0.1.2 - (c) Markus Gaasedelen - 2022
The decompiler assumes that the segment '.idata' is read-only because of its NAME.
All data references to the segment will be replaced by constant values.
This may lead to drastic changes in the decompiler output.
If the segment is not read-only, please change the segment NAME.

In general, the decompiler checks the segment permissions, class, and name
to determine if it is read-only.
 -> OK
The decompiler assumes that the segment '.rdata' is read-only because of its NAME.
All data references to the segment will be replaced by constant values.
This may lead to drastic changes in the decompiler output.
If the segment is not read-only, please change the segment NAME.

In general, the decompiler checks the segment permissions, class, and name
to determine if it is read-only.
 -> OK
Flushing buffers, please wait...ok
[Patching] Unloading v0.1.2...
Unloading IDP module E:\Program Files\ida_pro\procs\pc64.dll...